3.650281539872885
18.061819283610365
32.052255376143336
