XXX
.X.
XXX
X..X
XXXX
X..X
XX.X
.X..X
.X..X
.X..X
.X..X
XXXXX
XXXXXXXXXX
.X
.X
